// Jest Snapshot v1, https://goo.gl/fbAQLP

exports[`Partners snapshot partners 1`] = `
Object {
  "asFragment": [Function],
  "baseElement": <body>
    <div>
      <div
        class="container"
      >
        <h1
          class="heading"
        >
          Компании-партнеры
        </h1>
        <div
          class="tree"
        >
          <ul>
            <li>
              <div
                class="partnerWrapper"
              >
                <div
                  class="previewWrapper"
                >
                  <img
                    alt="Virtumed"
                    src=""
                  />
                </div>
                <a
                  class="everywhere-button"
                  href="https://virtumed.ru/"
                  rel="nofollow noopener noreferrer"
                  target="_blank"
                >
                  <span>
                    https://virtumed.ru/
                  </span>
                </a>
              </div>
            </li>
            <li>
              <div
                class="partnerWrapper"
              >
                <div
                  class="previewWrapper"
                >
                  <img
                    alt="Eidos"
                    src=""
                  />
                </div>
                <a
                  class="everywhere-button"
                  href="https://eidos-medicine.com/"
                  rel="nofollow noopener noreferrer"
                  target="_blank"
                >
                  <span>
                    https://eidos-medicine.com/
                  </span>
                </a>
              </div>
            </li>
            <li>
              <div
                class="partnerWrapper"
              >
                <div
                  class="previewWrapper"
                >
                  <img
                    alt="Impresa"
                    src=""
                  />
                </div>
                <a
                  class="everywhere-button"
                  href="https://impresaltd.com/"
                  rel="nofollow noopener noreferrer"
                  target="_blank"
                >
                  <span>
                    https://impresaltd.com/
                  </span>
                </a>
              </div>
            </li>
          </ul>
        </div>
      </div>
    </div>
  </body>,
  "container": <div>
    <div
      class="container"
    >
      <h1
        class="heading"
      >
        Компании-партнеры
      </h1>
      <div
        class="tree"
      >
        <ul>
          <li>
            <div
              class="partnerWrapper"
            >
              <div
                class="previewWrapper"
              >
                <img
                  alt="Virtumed"
                  src=""
                />
              </div>
              <a
                class="everywhere-button"
                href="https://virtumed.ru/"
                rel="nofollow noopener noreferrer"
                target="_blank"
              >
                <span>
                  https://virtumed.ru/
                </span>
              </a>
            </div>
          </li>
          <li>
            <div
              class="partnerWrapper"
            >
              <div
                class="previewWrapper"
              >
                <img
                  alt="Eidos"
                  src=""
                />
              </div>
              <a
                class="everywhere-button"
                href="https://eidos-medicine.com/"
                rel="nofollow noopener noreferrer"
                target="_blank"
              >
                <span>
                  https://eidos-medicine.com/
                </span>
              </a>
            </div>
          </li>
          <li>
            <div
              class="partnerWrapper"
            >
              <div
                class="previewWrapper"
              >
                <img
                  alt="Impresa"
                  src=""
                />
              </div>
              <a
                class="everywhere-button"
                href="https://impresaltd.com/"
                rel="nofollow noopener noreferrer"
                target="_blank"
              >
                <span>
                  https://impresaltd.com/
                </span>
              </a>
            </div>
          </li>
        </ul>
      </div>
    </div>
  </div>,
  "debug": [Function],
  "findAllByAltText": [Function],
  "findAllByDisplayValue": [Function],
  "findAllByLabelText": [Function],
  "findAllByPlaceholderText": [Function],
  "findAllByRole": [Function],
  "findAllByTestId": [Function],
  "findAllByText": [Function],
  "findAllByTitle": [Function],
  "findByAltText": [Function],
  "findByDisplayValue": [Function],
  "findByLabelText": [Function],
  "findByPlaceholderText": [Function],
  "findByRole": [Function],
  "findByTestId": [Function],
  "findByText": [Function],
  "findByTitle": [Function],
  "getAllByAltText": [Function],
  "getAllByDisplayValue": [Function],
  "getAllByLabelText": [Function],
  "getAllByPlaceholderText": [Function],
  "getAllByRole": [Function],
  "getAllByTestId": [Function],
  "getAllByText": [Function],
  "getAllByTitle": [Function],
  "getByAltText": [Function],
  "getByDisplayValue": [Function],
  "getByLabelText": [Function],
  "getByPlaceholderText": [Function],
  "getByRole": [Function],
  "getByTestId": [Function],
  "getByText": [Function],
  "getByTitle": [Function],
  "queryAllByAltText": [Function],
  "queryAllByDisplayValue": [Function],
  "queryAllByLabelText": [Function],
  "queryAllByPlaceholderText": [Function],
  "queryAllByRole": [Function],
  "queryAllByTestId": [Function],
  "queryAllByText": [Function],
  "queryAllByTitle": [Function],
  "queryByAltText": [Function],
  "queryByDisplayValue": [Function],
  "queryByLabelText": [Function],
  "queryByPlaceholderText": [Function],
  "queryByRole": [Function],
  "queryByTestId": [Function],
  "queryByText": [Function],
  "queryByTitle": [Function],
  "rerender": [Function],
  "unmount": [Function],
}
`;
